[GIN-debug] [WARNING] Running in "debug" mode. Switch to "release" mode in production.
 - using env:	export GIN_MODE=release
 - using code:	gin.SetMode(gin.ReleaseMode)

[DEBUG] 2026/02/22 21:12:25 Email template registered: accountCreation
[DEBUG] 2026/02/22 21:12:25 Email template registered: passwordReset
[DEBUG] 2026/02/22 21:12:25 Email template registered: login
[DEBUG] 2026/02/22 21:12:25 Email template registered: removedFromServer
[DEBUG] 2026/02/22 21:12:25 Email template registered: emailChanged
[DEBUG] 2026/02/22 21:12:25 Email template registered: otpEnabled
[DEBUG] 2026/02/22 21:12:25 Email template registered: oauthDeleted
[DEBUG] 2026/02/22 21:12:25 Email template registered: addedToServer
[DEBUG] 2026/02/22 21:12:25 Email template registered: test
[DEBUG] 2026/02/22 21:12:25 Email template registered: passwordChanged
[DEBUG] 2026/02/22 21:12:25 Email template registered: otpDisabled
[DEBUG] 2026/02/22 21:12:25 Email template registered: deletedServer
[DEBUG] 2026/02/22 21:12:25 Email template registered: recoveryCodesRegenerated
[DEBUG] 2026/02/22 21:12:25 Email template registered: oauthCreated
2026/02/22 21:12:25 [config.LoadConfiguration] Reading configuration from configFile=gatus/config.yaml
2026/02/22 21:12:25 [config.ValidateAlertingConfig] Alerting is not configured
2026/02/22 21:12:25 [config.ValidateEndpointsConfig] Validated 2 endpoints
2026/02/22 21:12:25 [config.ValidateEndpointsConfig] Validated 0 external endpoints
2026/02/22 21:12:25 [config.ValidateSuitesConfig] No suites configured
[INFO] 2026/02/22 21:12:25 Gatus web config - Address: 127.0.0.1, Port: 8081
2026/02/22 21:12:25 [store.Initialize] Creating storage provider of type=memory
2026/02/22 21:12:25 [config.LoadConfiguration] Reading configuration from configFile=gatus/config.yaml
2026/02/22 21:12:25 [config.ValidateAlertingConfig] Alerting is not configured
2026/02/22 21:12:25 [config.ValidateEndpointsConfig] Validated 1 endpoints
2026/02/22 21:12:25 [config.ValidateEndpointsConfig] Validated 0 external endpoints
2026/02/22 21:12:25 [config.ValidateSuitesConfig] No suites configured
[INFO] 2026/02/22 21:12:25 Gatus configuration - Address: 127.0.0.1, Port: 8081, SocketAddress: 127.0.0.1:8081
[INFO] 2026/02/22 21:12:25 Starting Gatus controller in goroutine...
[INFO] 2026/02/22 21:12:25 Calling gatusController.Handle with config - Address: 127.0.0.1, Port: 8081
[INFO] 2026/02/22 21:12:25 Gatus will listen on: 127.0.0.1:8081
2026/02/22 21:12:25 [controller.Handle] Listening on 127.0.0.1:8081

 ┌───────────────────────────────────────────────────┐ 
 │                   Fiber v2.52.9                   │ 
 │               http://127.0.0.1:8081               │ 
 │                                                   │ 
 │ Handlers ............ 41  Processes ........... 1 │ 
 │ Prefork ....... Disabled  PID ............. 41504 │ 
 └───────────────────────────────────────────────────┘ 

2026/02/22 21:12:25 [watchdog.executeEndpoint] Monitored group=Panel SkyPanel; endpoint=Panel Principal; key=panel-skypanel_panel-principal; success=false; errors=1; duration=0s
2026/02/22 21:12:26 [config.LoadConfiguration] Reading configuration from configFile=gatus/config.yaml
2026/02/22 21:12:26 [config.ValidateAlertingConfig] Alerting is not configured
2026/02/22 21:12:26 [config.ValidateEndpointsConfig] Validated 1 endpoints
2026/02/22 21:12:26 [config.ValidateEndpointsConfig] Validated 0 external endpoints
2026/02/22 21:12:26 [config.ValidateSuitesConfig] No suites configured
[INFO] 2026/02/22 21:12:26 Gatus service started successfully on http://127.0.0.1:8081
[INFO] 2026/02/22 21:12:26 Loading existing key
[INFO] 2026/02/22 21:12:26 Started SFTP Server on 0.0.0.0:5657
[DEBUG] 2026/02/22 21:12:26 Daemon PATH variable: /home/esteban/.local/bin:/home/esteban/bin:/usr/local/bin:/usr/bin:/var/lib/snapd/snap/bin:/home/esteban/.spicetify:/home/esteban/.spicetify:/home/esteban/.spicetify:/home/esteban/.spicetify:/home/esteban/.spicetify:/home/esteban/Descargas/pufferpanel/binaries
[GIN-debug] GET    /swagger/*any             --> github.com/swaggo/gin-swagger.CustomWrapHandler.func1 (5 handlers)
[GIN-debug] GET    /daemon                   --> github.com/SkyPanel/SkyPanel/v3/web/daemon.getStatusGET (5 handlers)
[GIN-debug] HEAD   /daemon                   --> github.com/SkyPanel/SkyPanel/v3/web/daemon.getStatusHEAD (5 handlers)
[GIN-debug] OPTIONS /daemon                   --> github.com/SkyPanel/SkyPanel/v3/response.CreateOptions.func1 (5 handlers)
[GIN-debug] GET    /daemon/features          --> github.com/SkyPanel/SkyPanel/v3/web/daemon.getFeatures (5 handlers)
[GIN-debug] OPTIONS /daemon/features          --> github.com/SkyPanel/SkyPanel/v3/response.CreateOptions.func1 (5 handlers)
[GIN-debug] GET    /daemon/system            --> github.com/SkyPanel/SkyPanel/v3/web/daemon.getSystemInfo (5 handlers)
[GIN-debug] OPTIONS /daemon/system            --> github.com/SkyPanel/SkyPanel/v3/response.CreateOptions.func1 (5 handlers)
[GIN-debug] PUT    /daemon/server/:serverId  --> github.com/SkyPanel/SkyPanel/v3/web/daemon.createServer (6 handlers)
[GIN-debug] DELETE /daemon/server/:serverId  --> github.com/SkyPanel/SkyPanel/v3/web/daemon.deleteServer (7 handlers)
[GIN-debug] OPTIONS /daemon/server/:serverId  --> github.com/SkyPanel/SkyPanel/v3/response.CreateOptions.func1 (6 handlers)
[GIN-debug] GET    /daemon/server/:serverId/definition --> github.com/SkyPanel/SkyPanel/v3/web/daemon.getServerAdmin (7 handlers)
[GIN-debug] PUT    /daemon/server/:serverId/definition --> github.com/SkyPanel/SkyPanel/v3/web/daemon.editServerAdmin (7 handlers)
[GIN-debug] OPTIONS /daemon/server/:serverId/definition --> github.com/SkyPanel/SkyPanel/v3/response.CreateOptions.func1 (6 handlers)
[GIN-debug] GET    /daemon/server/:serverId/data --> github.com/SkyPanel/SkyPanel/v3/web/daemon.getServerData (7 handlers)
[GIN-debug] POST   /daemon/server/:serverId/data --> github.com/SkyPanel/SkyPanel/v3/web/daemon.editServerData (7 handlers)
[GIN-debug] PUT    /daemon/server/:serverId/data --> github.com/SkyPanel/SkyPanel/v3/web/daemon.editServerDataAdmin (7 handlers)
[GIN-debug] OPTIONS /daemon/server/:serverId/data --> github.com/SkyPanel/SkyPanel/v3/response.CreateOptions.func1 (6 handlers)
[GIN-debug] GET    /daemon/server/:serverId/tasks --> github.com/SkyPanel/SkyPanel/v3/web/daemon.getServerTasks (7 handlers)
[GIN-debug] OPTIONS /daemon/server/:serverId/tasks --> github.com/SkyPanel/SkyPanel/v3/response.CreateOptions.func1 (6 handlers)
[GIN-debug] GET    /daemon/server/:serverId/tasks/:taskId --> github.com/SkyPanel/SkyPanel/v3/web/daemon.getServerTask (7 handlers)
[GIN-debug] PUT    /daemon/server/:serverId/tasks/:taskId --> github.com/SkyPanel/SkyPanel/v3/web/daemon.editServerTask (7 handlers)
[GIN-debug] DELETE /daemon/server/:serverId/tasks/:taskId --> github.com/SkyPanel/SkyPanel/v3/web/daemon.deleteServerTask (7 handlers)
[GIN-debug] OPTIONS /daemon/server/:serverId/tasks/:taskId --> github.com/SkyPanel/SkyPanel/v3/response.CreateOptions.func1 (6 handlers)
[GIN-debug] POST   /daemon/server/:serverId/tasks/:taskId/run --> github.com/SkyPanel/SkyPanel/v3/web/daemon.runServerTask (7 handlers)
[GIN-debug] OPTIONS /daemon/server/:serverId/tasks/:taskId/run --> github.com/SkyPanel/SkyPanel/v3/response.CreateOptions.func1 (6 handlers)
[GIN-debug] POST   /daemon/server/:serverId/reload --> github.com/SkyPanel/SkyPanel/v3/web/daemon.reloadServer (7 handlers)
[GIN-debug] OPTIONS /daemon/server/:serverId/reload --> github.com/SkyPanel/SkyPanel/v3/response.CreateOptions.func1 (6 handlers)
[GIN-debug] POST   /daemon/server/:serverId/start --> github.com/SkyPanel/SkyPanel/v3/web/daemon.startServer (7 handlers)
[GIN-debug] OPTIONS /daemon/server/:serverId/start --> github.com/SkyPanel/SkyPanel/v3/response.CreateOptions.func1 (6 handlers)
[GIN-debug] POST   /daemon/server/:serverId/restart --> github.com/SkyPanel/SkyPanel/v3/web/daemon.restartServer (7 handlers)
[GIN-debug] OPTIONS /daemon/server/:serverId/restart --> github.com/SkyPanel/SkyPanel/v3/response.CreateOptions.func1 (6 handlers)
[GIN-debug] POST   /daemon/server/:serverId/stop --> github.com/SkyPanel/SkyPanel/v3/web/daemon.stopServer (7 handlers)
[GIN-debug] OPTIONS /daemon/server/:serverId/stop --> github.com/SkyPanel/SkyPanel/v3/response.CreateOptions.func1 (6 handlers)
[GIN-debug] POST   /daemon/server/:serverId/kill --> github.com/SkyPanel/SkyPanel/v3/web/daemon.killServer (7 handlers)
[GIN-debug] OPTIONS /daemon/server/:serverId/kill --> github.com/SkyPanel/SkyPanel/v3/response.CreateOptions.func1 (6 handlers)
[GIN-debug] POST   /daemon/server/:serverId/install --> github.com/SkyPanel/SkyPanel/v3/web/daemon.installServer (7 handlers)
[GIN-debug] OPTIONS /daemon/server/:serverId/install --> github.com/SkyPanel/SkyPanel/v3/response.CreateOptions.func1 (6 handlers)
[GIN-debug] GET    /daemon/server/:serverId/file/*filename --> github.com/SkyPanel/SkyPanel/v3/web/daemon.getFile (7 handlers)
[GIN-debug] PUT    /daemon/server/:serverId/file/*filename --> github.com/SkyPanel/SkyPanel/v3/web/daemon.putFile (7 handlers)
[GIN-debug] DELETE /daemon/server/:serverId/file/*filename --> github.com/SkyPanel/SkyPanel/v3/web/daemon.deleteFile (7 handlers)
[GIN-debug] POST   /daemon/server/:serverId/file/*filename --> github.com/SkyPanel/SkyPanel/v3/response.NotImplemented (7 handlers)
[GIN-debug] OPTIONS /daemon/server/:serverId/file/*filename --> github.com/SkyPanel/SkyPanel/v3/response.CreateOptions.func1 (6 handlers)
[GIN-debug] GET    /daemon/server/:serverId/console --> github.com/SkyPanel/SkyPanel/v3/web/daemon.getLogs (7 handlers)
[GIN-debug] POST   /daemon/server/:serverId/console --> github.com/SkyPanel/SkyPanel/v3/web/daemon.postConsole (7 handlers)
[GIN-debug] OPTIONS /daemon/server/:serverId/console --> github.com/SkyPanel/SkyPanel/v3/response.CreateOptions.func1 (6 handlers)
[GIN-debug] GET    /daemon/server/:serverId/flags --> github.com/SkyPanel/SkyPanel/v3/web/daemon.getFlags (7 handlers)
[GIN-debug] POST   /daemon/server/:serverId/flags --> github.com/SkyPanel/SkyPanel/v3/web/daemon.setFlags (7 handlers)
[GIN-debug] OPTIONS /daemon/server/:serverId/flags --> github.com/SkyPanel/SkyPanel/v3/response.CreateOptions.func1 (6 handlers)
[GIN-debug] GET    /daemon/server/:serverId/stats --> github.com/SkyPanel/SkyPanel/v3/web/daemon.getStats (7 handlers)
[GIN-debug] OPTIONS /daemon/server/:serverId/stats --> github.com/SkyPanel/SkyPanel/v3/response.CreateOptions.func1 (6 handlers)
[GIN-debug] GET    /daemon/server/:serverId/status --> github.com/SkyPanel/SkyPanel/v3/web/daemon.getStatus (7 handlers)
[GIN-debug] OPTIONS /daemon/server/:serverId/status --> github.com/SkyPanel/SkyPanel/v3/response.CreateOptions.func1 (6 handlers)
[GIN-debug] POST   /daemon/server/:serverId/archive/*filename --> github.com/SkyPanel/SkyPanel/v3/web/daemon.archive (7 handlers)
[GIN-debug] POST   /daemon/server/:serverId/extract/*filename --> github.com/SkyPanel/SkyPanel/v3/web/daemon.extract (7 handlers)
[GIN-debug] POST   /daemon/server/:serverId/backup/create --> github.com/SkyPanel/SkyPanel/v3/web/daemon.createBackup (7 handlers)
[GIN-debug] DELETE /daemon/server/:serverId/backup --> github.com/SkyPanel/SkyPanel/v3/web/daemon.deleteBackup (7 handlers)
[GIN-debug] POST   /daemon/server/:serverId/backup/restore --> github.com/SkyPanel/SkyPanel/v3/web/daemon.restoreBackup (7 handlers)
[GIN-debug] GET    /daemon/server/:serverId/backup/download --> github.com/SkyPanel/SkyPanel/v3/web/daemon.downloadBackup (7 handlers)
[GIN-debug] HEAD   /daemon/server/:serverId/query --> github.com/SkyPanel/SkyPanel/v3/web/daemon.canQueryServer (7 handlers)
[GIN-debug] GET    /daemon/server/:serverId/query --> github.com/SkyPanel/SkyPanel/v3/web/daemon.queryServer (7 handlers)
[GIN-debug] GET    /daemon/server/:serverId/plugins --> github.com/SkyPanel/SkyPanel/v3/web/daemon.getPlugins (7 handlers)
[GIN-debug] DELETE /daemon/server/:serverId/plugins --> github.com/SkyPanel/SkyPanel/v3/web/daemon.deletePlugin (7 handlers)
[GIN-debug] OPTIONS /daemon/server/:serverId/plugins --> github.com/SkyPanel/SkyPanel/v3/response.CreateOptions.func1 (6 handlers)
[GIN-debug] GET    /daemon/server/:serverId/plugins/search --> github.com/SkyPanel/SkyPanel/v3/web/daemon.searchPlugins (7 handlers)
[GIN-debug] OPTIONS /daemon/server/:serverId/plugins/search --> github.com/SkyPanel/SkyPanel/v3/response.CreateOptions.func1 (6 handlers)
[GIN-debug] POST   /daemon/server/:serverId/plugins/:pluginId --> github.com/SkyPanel/SkyPanel/v3/web/daemon.installPlugin (7 handlers)
[GIN-debug] OPTIONS /daemon/server/:serverId/plugins/:pluginId --> github.com/SkyPanel/SkyPanel/v3/response.CreateOptions.func1 (6 handlers)
[GIN-debug] GET    /daemon/server/:serverId/socket --> github.com/SkyPanel/SkyPanel/v3/web/daemon.openSocket (8 handlers)
[GIN-debug] CONNECT /daemon/server/:serverId/socket --> github.com/SkyPanel/SkyPanel/v3/web/daemon.RegisterServerRoutes.func1 (6 handlers)
[GIN-debug] OPTIONS /daemon/server/:serverId/socket --> github.com/SkyPanel/SkyPanel/v3/response.CreateOptions.func1 (6 handlers)
[GIN-debug] GET    /api/nodes                --> github.com/SkyPanel/SkyPanel/v3/web/api.getAllNodes (11 handlers)
[GIN-debug] POST   /api/nodes                --> github.com/SkyPanel/SkyPanel/v3/web/api.createNode (11 handlers)
[GIN-debug] OPTIONS /api/nodes                --> github.com/SkyPanel/SkyPanel/v3/response.CreateOptions.func1 (10 handlers)
[GIN-debug] GET    /api/nodes/:id            --> github.com/SkyPanel/SkyPanel/v3/web/api.getNode (11 handlers)
[GIN-debug] PUT    /api/nodes/:id            --> github.com/SkyPanel/SkyPanel/v3/web/api.updateNode (11 handlers)
[GIN-debug] DELETE /api/nodes/:id            --> github.com/SkyPanel/SkyPanel/v3/web/api.deleteNode (11 handlers)
[GIN-debug] OPTIONS /api/nodes/:id            --> github.com/SkyPanel/SkyPanel/v3/response.CreateOptions.func1 (10 handlers)
[GIN-debug] GET    /api/nodes/:id/features   --> github.com/SkyPanel/SkyPanel/v3/web/api.getFeatures (11 handlers)
[GIN-debug] OPTIONS /api/nodes/:id/features   --> github.com/SkyPanel/SkyPanel/v3/response.CreateOptions.func1 (10 handlers)
[GIN-debug] GET    /api/nodes/:id/system     --> github.com/SkyPanel/SkyPanel/v3/web/api.getSystemInfo (11 handlers)
[GIN-debug] OPTIONS /api/nodes/:id/system     --> github.com/SkyPanel/SkyPanel/v3/response.CreateOptions.func1 (10 handlers)
[GIN-debug] GET    /api/nodes/:id/deployment --> github.com/SkyPanel/SkyPanel/v3/web/api.deployNode (11 handlers)
[GIN-debug] OPTIONS /api/nodes/:id/deployment --> github.com/SkyPanel/SkyPanel/v3/response.CreateOptions.func1 (10 handlers)
[GIN-debug] GET    /api/servers              --> github.com/SkyPanel/SkyPanel/v3/web/api.searchServers (10 handlers)
[GIN-debug] OPTIONS /api/servers              --> github.com/SkyPanel/SkyPanel/v3/response.CreateOptions.func1 (10 handlers)
[GIN-debug] GET    /api/servers/:serverId    --> github.com/SkyPanel/SkyPanel/v3/web/api.getServer (12 handlers)
[GIN-debug] PUT    /api/servers/:serverId    --> github.com/SkyPanel/SkyPanel/v3/web/api.createServer (12 handlers)
[GIN-debug] DELETE /api/servers/:serverId    --> github.com/SkyPanel/SkyPanel/v3/web/api.deleteServer (13 handlers)
[GIN-debug] OPTIONS /api/servers/:serverId    --> github.com/SkyPanel/SkyPanel/v3/response.CreateOptions.func1 (10 handlers)
[GIN-debug] PUT    /api/servers/:serverId/name/:name --> github.com/SkyPanel/SkyPanel/v3/web/api.renameServer (13 handlers)
[GIN-debug] OPTIONS /api/servers/:serverId/name --> github.com/SkyPanel/SkyPanel/v3/response.CreateOptions.func1 (10 handlers)
[GIN-debug] OPTIONS /api/servers/:serverId/name/:name --> github.com/SkyPanel/SkyPanel/v3/response.CreateOptions.func1 (10 handlers)
[GIN-debug] GET    /api/servers/:serverId/definition --> github.com/SkyPanel/SkyPanel/v3/web/api.proxyServerRequest (12 handlers)
[GIN-debug] PUT    /api/servers/:serverId/definition --> github.com/SkyPanel/SkyPanel/v3/web/api.editServer (13 handlers)
[GIN-debug] OPTIONS /api/servers/:serverId/definition --> github.com/SkyPanel/SkyPanel/v3/response.CreateOptions.func1 (10 handlers)
[GIN-debug] GET    /api/servers/:serverId/user --> github.com/SkyPanel/SkyPanel/v3/web/api.getServerUsers (12 handlers)
[GIN-debug] OPTIONS /api/servers/:serverId/user --> github.com/SkyPanel/SkyPanel/v3/response.CreateOptions.func1 (10 handlers)
[GIN-debug] GET    /api/servers/:serverId/user/:email --> github.com/SkyPanel/SkyPanel/v3/web/api.getServerUsers (12 handlers)
[GIN-debug] PUT    /api/servers/:serverId/user/:email --> github.com/SkyPanel/SkyPanel/v3/web/api.editServerUser (13 handlers)
[GIN-debug] DELETE /api/servers/:serverId/user/:email --> github.com/SkyPanel/SkyPanel/v3/web/api.removeServerUser (13 handlers)
[GIN-debug] OPTIONS /api/servers/:serverId/user/:email --> github.com/SkyPanel/SkyPanel/v3/response.CreateOptions.func1 (10 handlers)
[GIN-debug] GET    /api/servers/:serverId/data --> github.com/SkyPanel/SkyPanel/v3/web/api.proxyServerRequest (12 handlers)
[GIN-debug] POST   /api/servers/:serverId/data --> github.com/SkyPanel/SkyPanel/v3/web/api.editServerData (12 handlers)
[GIN-debug] PUT    /api/servers/:serverId/data --> github.com/SkyPanel/SkyPanel/v3/web/api.editServerDataAdmin (12 handlers)
[GIN-debug] OPTIONS /api/servers/:serverId/data --> github.com/SkyPanel/SkyPanel/v3/response.CreateOptions.func1 (10 handlers)
[GIN-debug] GET    /api/servers/:serverId/flags --> github.com/SkyPanel/SkyPanel/v3/web/api.proxyServerRequest (12 handlers)
[GIN-debug] POST   /api/servers/:serverId/flags --> github.com/SkyPanel/SkyPanel/v3/web/api.proxyServerRequest (12 handlers)
[GIN-debug] OPTIONS /api/servers/:serverId/flags --> github.com/SkyPanel/SkyPanel/v3/response.CreateOptions.func1 (10 handlers)
[GIN-debug] GET    /api/servers/:serverId/tasks --> github.com/SkyPanel/SkyPanel/v3/web/api.proxyServerRequest (12 handlers)
[GIN-debug] OPTIONS /api/servers/:serverId/tasks --> github.com/SkyPanel/SkyPanel/v3/response.CreateOptions.func1 (10 handlers)
[GIN-debug] GET    /api/servers/:serverId/tasks/:taskId --> github.com/SkyPanel/SkyPanel/v3/web/api.proxyServerRequest (12 handlers)
[GIN-debug] PUT    /api/servers/:serverId/tasks/:taskId --> github.com/SkyPanel/SkyPanel/v3/web/api.proxyServerRequest (12 handlers)
[GIN-debug] DELETE /api/servers/:serverId/tasks/:taskId --> github.com/SkyPanel/SkyPanel/v3/web/api.proxyServerRequest (12 handlers)
[GIN-debug] OPTIONS /api/servers/:serverId/tasks/:taskId --> github.com/SkyPanel/SkyPanel/v3/response.CreateOptions.func1 (10 handlers)
[GIN-debug] POST   /api/servers/:serverId/tasks/:taskId/run --> github.com/SkyPanel/SkyPanel/v3/web/api.proxyServerRequest (12 handlers)
[GIN-debug] OPTIONS /api/servers/:serverId/tasks/:taskId/run --> github.com/SkyPanel/SkyPanel/v3/response.CreateOptions.func1 (10 handlers)
[GIN-debug] POST   /api/servers/:serverId/reload --> github.com/SkyPanel/SkyPanel/v3/web/api.proxyServerRequest (12 handlers)
[GIN-debug] OPTIONS /api/servers/:serverId/reload --> github.com/SkyPanel/SkyPanel/v3/response.CreateOptions.func1 (10 handlers)
[GIN-debug] POST   /api/servers/:serverId/start --> github.com/SkyPanel/SkyPanel/v3/web/api.proxyServerRequest (12 handlers)
[GIN-debug] OPTIONS /api/servers/:serverId/start --> github.com/SkyPanel/SkyPanel/v3/response.CreateOptions.func1 (10 handlers)
[GIN-debug] POST   /api/servers/:serverId/restart --> github.com/SkyPanel/SkyPanel/v3/web/api.proxyServerRequest (13 handlers)
[GIN-debug] OPTIONS /api/servers/:serverId/restart --> github.com/SkyPanel/SkyPanel/v3/response.CreateOptions.func1 (10 handlers)
[GIN-debug] POST   /api/servers/:serverId/stop --> github.com/SkyPanel/SkyPanel/v3/web/api.proxyServerRequest (12 handlers)
[GIN-debug] OPTIONS /api/servers/:serverId/stop --> github.com/SkyPanel/SkyPanel/v3/response.CreateOptions.func1 (10 handlers)
[GIN-debug] POST   /api/servers/:serverId/kill --> github.com/SkyPanel/SkyPanel/v3/web/api.proxyServerRequest (12 handlers)
[GIN-debug] OPTIONS /api/servers/:serverId/kill --> github.com/SkyPanel/SkyPanel/v3/response.CreateOptions.func1 (10 handlers)
[GIN-debug] POST   /api/servers/:serverId/install --> github.com/SkyPanel/SkyPanel/v3/web/api.proxyServerRequest (12 handlers)
[GIN-debug] OPTIONS /api/servers/:serverId/install --> github.com/SkyPanel/SkyPanel/v3/response.CreateOptions.func1 (10 handlers)
[GIN-debug] GET    /api/servers/:serverId/file/*filename --> github.com/SkyPanel/SkyPanel/v3/web/api.proxyServerRequest (12 handlers)
[GIN-debug] PUT    /api/servers/:serverId/file/*filename --> github.com/SkyPanel/SkyPanel/v3/web/api.proxyServerRequest (12 handlers)
[GIN-debug] DELETE /api/servers/:serverId/file/*filename --> github.com/SkyPanel/SkyPanel/v3/web/api.proxyServerRequest (12 handlers)
[GIN-debug] POST   /api/servers/:serverId/file/*filename --> github.com/SkyPanel/SkyPanel/v3/web/api.proxyServerRequest (12 handlers)
[GIN-debug] OPTIONS /api/servers/:serverId/file/*filename --> github.com/SkyPanel/SkyPanel/v3/response.CreateOptions.func1 (10 handlers)
[GIN-debug] GET    /api/servers/:serverId/console --> github.com/SkyPanel/SkyPanel/v3/web/api.proxyServerRequest (12 handlers)
[GIN-debug] POST   /api/servers/:serverId/console --> github.com/SkyPanel/SkyPanel/v3/web/api.proxyServerRequest (12 handlers)
[GIN-debug] OPTIONS /api/servers/:serverId/console --> github.com/SkyPanel/SkyPanel/v3/response.CreateOptions.func1 (10 handlers)
[GIN-debug] GET    /api/servers/:serverId/stats --> github.com/SkyPanel/SkyPanel/v3/web/api.proxyServerRequest (12 handlers)
[GIN-debug] OPTIONS /api/servers/:serverId/stats --> github.com/SkyPanel/SkyPanel/v3/response.CreateOptions.func1 (10 handlers)
[GIN-debug] HEAD   /api/servers/:serverId/query --> github.com/SkyPanel/SkyPanel/v3/web/api.proxyServerRequest (12 handlers)
[GIN-debug] GET    /api/servers/:serverId/query --> github.com/SkyPanel/SkyPanel/v3/web/api.proxyServerRequest (12 handlers)
[GIN-debug] OPTIONS /api/servers/:serverId/query --> github.com/SkyPanel/SkyPanel/v3/response.CreateOptions.func1 (10 handlers)
[GIN-debug] GET    /api/servers/:serverId/status --> github.com/SkyPanel/SkyPanel/v3/web/api.proxyServerRequest (12 handlers)
[GIN-debug] OPTIONS /api/servers/:serverId/status --> github.com/SkyPanel/SkyPanel/v3/response.CreateOptions.func1 (10 handlers)
[GIN-debug] HEAD   /api/servers/:serverId/archive/*filename --> github.com/SkyPanel/SkyPanel/v3/web/api.proxyServerRequest (12 handlers)
[GIN-debug] POST   /api/servers/:serverId/archive/*filename --> github.com/SkyPanel/SkyPanel/v3/web/api.proxyServerRequest (12 handlers)
[GIN-debug] OPTIONS /api/servers/:serverId/archive/*filename --> github.com/SkyPanel/SkyPanel/v3/response.CreateOptions.func1 (10 handlers)
[GIN-debug] POST   /api/servers/:serverId/extract/*filename --> github.com/SkyPanel/SkyPanel/v3/web/api.proxyServerRequest (12 handlers)
[GIN-debug] OPTIONS /api/servers/:serverId/extract/*filename --> github.com/SkyPanel/SkyPanel/v3/response.CreateOptions.func1 (10 handlers)
[GIN-debug] GET    /api/servers/:serverId/backup --> github.com/SkyPanel/SkyPanel/v3/web/api.getBackups (12 handlers)
[GIN-debug] OPTIONS /api/servers/:serverId/backup --> github.com/SkyPanel/SkyPanel/v3/response.CreateOptions.func1 (10 handlers)
[GIN-debug] GET    /api/servers/:serverId/backup/:backupId --> github.com/SkyPanel/SkyPanel/v3/web/api.getBackup (12 handlers)
[GIN-debug] DELETE /api/servers/:serverId/backup/:backupId --> github.com/SkyPanel/SkyPanel/v3/web/api.deleteBackup (12 handlers)
[GIN-debug] OPTIONS /api/servers/:serverId/backup/:backupId --> github.com/SkyPanel/SkyPanel/v3/response.CreateOptions.func1 (10 handlers)
[GIN-debug] POST   /api/servers/:serverId/backup/create --> github.com/SkyPanel/SkyPanel/v3/web/api.createBackup (12 handlers)
[GIN-debug] OPTIONS /api/servers/:serverId/backup/create --> github.com/SkyPanel/SkyPanel/v3/response.CreateOptions.func1 (10 handlers)
[GIN-debug] POST   /api/servers/:serverId/backup/restore/:backupId --> github.com/SkyPanel/SkyPanel/v3/web/api.restoreBackup (12 handlers)
[GIN-debug] OPTIONS /api/servers/:serverId/backup/restore/:backupId --> github.com/SkyPanel/SkyPanel/v3/response.CreateOptions.func1 (10 handlers)
[GIN-debug] GET    /api/servers/:serverId/backup/download/:backupId --> github.com/SkyPanel/SkyPanel/v3/web/api.downloadBackup (12 handlers)
[GIN-debug] OPTIONS /api/servers/:serverId/backup/download/:backupId --> github.com/SkyPanel/SkyPanel/v3/response.CreateOptions.func1 (10 handlers)
[GIN-debug] GET    /api/servers/:serverId/plugins --> github.com/SkyPanel/SkyPanel/v3/web/api.proxyServerRequest (12 handlers)
[GIN-debug] DELETE /api/servers/:serverId/plugins --> github.com/SkyPanel/SkyPanel/v3/web/api.proxyServerRequest (12 handlers)
[GIN-debug] OPTIONS /api/servers/:serverId/plugins --> github.com/SkyPanel/SkyPanel/v3/response.CreateOptions.func1 (10 handlers)
[GIN-debug] GET    /api/servers/:serverId/plugins/search --> github.com/SkyPanel/SkyPanel/v3/web/api.proxyServerRequest (12 handlers)
[GIN-debug] OPTIONS /api/servers/:serverId/plugins/search --> github.com/SkyPanel/SkyPanel/v3/response.CreateOptions.func1 (10 handlers)
[GIN-debug] POST   /api/servers/:serverId/plugins/:pluginId --> github.com/SkyPanel/SkyPanel/v3/web/api.proxyServerRequest (12 handlers)
[GIN-debug] OPTIONS /api/servers/:serverId/plugins/:pluginId --> github.com/SkyPanel/SkyPanel/v3/response.CreateOptions.func1 (10 handlers)
[GIN-debug] GET    /api/servers/:serverId/socket --> github.com/SkyPanel/SkyPanel/v3/web/api.proxyServerRequest (13 handlers)
[GIN-debug] CONNECT /api/servers/:serverId/socket --> github.com/SkyPanel/SkyPanel/v3/web/api.registerServers.func1 (11 handlers)
[GIN-debug] OPTIONS /api/servers/:serverId/socket --> github.com/SkyPanel/SkyPanel/v3/response.CreateOptions.func1 (10 handlers)
[GIN-debug] GET    /api/servers/:serverId/databases --> github.com/SkyPanel/SkyPanel/v3/web/api.getAllDatabasesForServer (11 handlers)
[GIN-debug] POST   /api/servers/:serverId/databases --> github.com/SkyPanel/SkyPanel/v3/web/api.createDatabase (11 handlers)
[GIN-debug] OPTIONS /api/servers/:serverId/databases --> github.com/SkyPanel/SkyPanel/v3/response.CreateOptions.func1 (10 handlers)
[GIN-debug] DELETE /api/servers/:serverId/databases/:id --> github.com/SkyPanel/SkyPanel/v3/web/api.deleteDatabase (11 handlers)
[GIN-debug] OPTIONS /api/servers/:serverId/databases/:id --> github.com/SkyPanel/SkyPanel/v3/response.CreateOptions.func1 (10 handlers)
[GIN-debug] GET    /api/users                --> github.com/SkyPanel/SkyPanel/v3/web/api.searchUsers (11 handlers)
[GIN-debug] POST   /api/users                --> github.com/SkyPanel/SkyPanel/v3/web/api.createUser (11 handlers)
[GIN-debug] OPTIONS /api/users                --> github.com/SkyPanel/SkyPanel/v3/response.CreateOptions.func1 (10 handlers)
[GIN-debug] GET    /api/users/:id            --> github.com/SkyPanel/SkyPanel/v3/web/api.getUser (11 handlers)
[GIN-debug] POST   /api/users/:id            --> github.com/SkyPanel/SkyPanel/v3/web/api.updateUser (11 handlers)
[GIN-debug] DELETE /api/users/:id            --> github.com/SkyPanel/SkyPanel/v3/web/api.deleteUser (11 handlers)
[GIN-debug] OPTIONS /api/users/:id            --> github.com/SkyPanel/SkyPanel/v3/response.CreateOptions.func1 (10 handlers)
[GIN-debug] GET    /api/users/:id/perms      --> github.com/SkyPanel/SkyPanel/v3/web/api.getUserPerms (11 handlers)
[GIN-debug] PUT    /api/users/:id/perms      --> github.com/SkyPanel/SkyPanel/v3/web/api.setUserPerms (11 handlers)
[GIN-debug] OPTIONS /api/users/:id/perms      --> github.com/SkyPanel/SkyPanel/v3/response.CreateOptions.func1 (10 handlers)
[GIN-debug] GET    /api/templates            --> github.com/SkyPanel/SkyPanel/v3/web/api.getRepos (11 handlers)
[GIN-debug] POST   /api/templates            --> github.com/SkyPanel/SkyPanel/v3/web/api.addRepo (11 handlers)
[GIN-debug] OPTIONS /api/templates            --> github.com/SkyPanel/SkyPanel/v3/response.CreateOptions.func1 (10 handlers)
[GIN-debug] GET    /api/templates/:repo      --> github.com/SkyPanel/SkyPanel/v3/web/api.getsTemplatesForRepo (11 handlers)
[GIN-debug] DELETE /api/templates/:repo      --> github.com/SkyPanel/SkyPanel/v3/web/api.deleteRepo (11 handlers)
[GIN-debug] OPTIONS /api/templates/:repo      --> github.com/SkyPanel/SkyPanel/v3/response.CreateOptions.func1 (10 handlers)
[GIN-debug] GET    /api/templates/:repo/:name --> github.com/SkyPanel/SkyPanel/v3/web/api.getTemplateFromRepo (11 handlers)
[GIN-debug] DELETE /api/templates/0/:name    --> github.com/SkyPanel/SkyPanel/v3/web/api.deleteTemplate (11 handlers)
[GIN-debug] PUT    /api/templates/0/:name    --> github.com/SkyPanel/SkyPanel/v3/web/api.putTemplate (11 handlers)
[GIN-debug] OPTIONS /api/templates/:repo/:name --> github.com/SkyPanel/SkyPanel/v3/response.CreateOptions.func1 (10 handlers)
[GIN-debug] OPTIONS /api/templates/0/:name    --> github.com/SkyPanel/SkyPanel/v3/response.CreateOptions.func1 (10 handlers)
[GIN-debug] GET    /api/self                 --> github.com/SkyPanel/SkyPanel/v3/web/api.getSelf (11 handlers)
[GIN-debug] PUT    /api/self                 --> github.com/SkyPanel/SkyPanel/v3/web/api.updateSelf (11 handlers)
[GIN-debug] OPTIONS /api/self                 --> github.com/SkyPanel/SkyPanel/v3/response.CreateOptions.func1 (10 handlers)
[GIN-debug] GET    /api/self/otp             --> github.com/SkyPanel/SkyPanel/v3/web/api.getOtpStatus (11 handlers)
[GIN-debug] POST   /api/self/otp             --> github.com/SkyPanel/SkyPanel/v3/web/api.startOtpEnroll (11 handlers)
[GIN-debug] PUT    /api/self/otp             --> github.com/SkyPanel/SkyPanel/v3/web/api.validateOtpEnroll (11 handlers)
[GIN-debug] OPTIONS /api/self/otp             --> github.com/SkyPanel/SkyPanel/v3/response.CreateOptions.func1 (10 handlers)
[GIN-debug] POST   /api/self/otp/recovery    --> github.com/SkyPanel/SkyPanel/v3/web/api.regenerateOtpRecoveryCodes (11 handlers)
[GIN-debug] DELETE /api/self/otp/:token      --> github.com/SkyPanel/SkyPanel/v3/web/api.disableOtp (11 handlers)
[GIN-debug] OPTIONS /api/self/otp/:token      --> github.com/SkyPanel/SkyPanel/v3/response.CreateOptions.func1 (10 handlers)
[GIN-debug] GET    /api/self/oauth2          --> github.com/SkyPanel/SkyPanel/v3/web/api.getPersonalOAuth2Clients (11 handlers)
[GIN-debug] POST   /api/self/oauth2          --> github.com/SkyPanel/SkyPanel/v3/web/api.createPersonalOAuth2Client (11 handlers)
[GIN-debug] OPTIONS /api/self/oauth2          --> github.com/SkyPanel/SkyPanel/v3/response.CreateOptions.func1 (10 handlers)
[GIN-debug] DELETE /api/self/oauth2/:clientId --> github.com/SkyPanel/SkyPanel/v3/web/api.deletePersonalOAuth2Client (11 handlers)
[GIN-debug] OPTIONS /api/self/oauth2/:clientId --> github.com/SkyPanel/SkyPanel/v3/response.CreateOptions.func1 (10 handlers)
[GIN-debug] POST   /api/settings             --> github.com/SkyPanel/SkyPanel/v3/web/api.setSettings (11 handlers)
[GIN-debug] OPTIONS /api/settings             --> github.com/SkyPanel/SkyPanel/v3/response.CreateOptions.func1 (10 handlers)
[GIN-debug] GET    /api/settings/:key        --> github.com/SkyPanel/SkyPanel/v3/web/api.getSetting (11 handlers)
[GIN-debug] PUT    /api/settings/:key        --> github.com/SkyPanel/SkyPanel/v3/web/api.setSetting (11 handlers)
[GIN-debug] OPTIONS /api/settings/:key        --> github.com/SkyPanel/SkyPanel/v3/response.CreateOptions.func1 (10 handlers)
[GIN-debug] POST   /api/settings/test/email  --> github.com/SkyPanel/SkyPanel/v3/web/api.sendTestEmail (11 handlers)
[GIN-debug] OPTIONS /api/settings/test/email  --> github.com/SkyPanel/SkyPanel/v3/response.CreateOptions.func1 (10 handlers)
[GIN-debug] POST   /api/settings/test/discord --> github.com/SkyPanel/SkyPanel/v3/web/api.sendTestDiscord (11 handlers)
[GIN-debug] OPTIONS /api/settings/test/discord --> github.com/SkyPanel/SkyPanel/v3/response.CreateOptions.func1 (10 handlers)
[GIN-debug] POST   /api/settings/license/activate --> github.com/SkyPanel/SkyPanel/v3/web/api.activateLicense (11 handlers)
[GIN-debug] OPTIONS /api/settings/license/activate --> github.com/SkyPanel/SkyPanel/v3/response.CreateOptions.func1 (10 handlers)
[GIN-debug] GET    /api/userSettings         --> github.com/SkyPanel/SkyPanel/v3/web/api.getUserSettings (11 handlers)
[GIN-debug] PUT    /api/userSettings/:key    --> github.com/SkyPanel/SkyPanel/v3/web/api.setUserSetting (11 handlers)
[GIN-debug] OPTIONS /api/userSettings         --> github.com/SkyPanel/SkyPanel/v3/response.CreateOptions.func1 (10 handlers)
[GIN-debug] GET    /api/uptime               --> github.com/SkyPanel/SkyPanel/v3/web/api.getAllUptime (11 handlers)
[GIN-debug] GET    /api/uptime/:serverId     --> github.com/SkyPanel/SkyPanel/v3/web/api.getServerUptime (12 handlers)
[GIN-debug] OPTIONS /api/uptime               --> github.com/SkyPanel/SkyPanel/v3/response.CreateOptions.func1 (10 handlers)
[GIN-debug] OPTIONS /api/uptime/:serverId     --> github.com/SkyPanel/SkyPanel/v3/response.CreateOptions.func1 (10 handlers)
[GIN-debug] GET    /api/roles                --> github.com/SkyPanel/SkyPanel/v3/web/api.listRoles (11 handlers)
[GIN-debug] POST   /api/roles                --> github.com/SkyPanel/SkyPanel/v3/web/api.createRole (11 handlers)
[GIN-debug] OPTIONS /api/roles                --> github.com/SkyPanel/SkyPanel/v3/response.CreateOptions.func1 (10 handlers)
[GIN-debug] GET    /api/roles/:id            --> github.com/SkyPanel/SkyPanel/v3/web/api.getRole (11 handlers)
[GIN-debug] POST   /api/roles/:id            --> github.com/SkyPanel/SkyPanel/v3/web/api.updateRole (11 handlers)
[GIN-debug] DELETE /api/roles/:id            --> github.com/SkyPanel/SkyPanel/v3/web/api.deleteRole (11 handlers)
[GIN-debug] OPTIONS /api/roles/:id            --> github.com/SkyPanel/SkyPanel/v3/response.CreateOptions.func1 (10 handlers)
[GIN-debug] GET    /api/databasehosts        --> github.com/SkyPanel/SkyPanel/v3/web/api.getAllDatabaseHosts (11 handlers)
[GIN-debug] POST   /api/databasehosts        --> github.com/SkyPanel/SkyPanel/v3/web/api.createDatabaseHost (11 handlers)
[GIN-debug] OPTIONS /api/databasehosts        --> github.com/SkyPanel/SkyPanel/v3/response.CreateOptions.func1 (10 handlers)
[GIN-debug] GET    /api/databasehosts/:id    --> github.com/SkyPanel/SkyPanel/v3/web/api.getDatabaseHost (11 handlers)
[GIN-debug] PUT    /api/databasehosts/:id    --> github.com/SkyPanel/SkyPanel/v3/web/api.updateDatabaseHost (11 handlers)
[GIN-debug] DELETE /api/databasehosts/:id    --> github.com/SkyPanel/SkyPanel/v3/web/api.deleteDatabaseHost (11 handlers)
[GIN-debug] OPTIONS /api/databasehosts/:id    --> github.com/SkyPanel/SkyPanel/v3/response.CreateOptions.func1 (10 handlers)
[GIN-debug] GET    /api/config               --> github.com/SkyPanel/SkyPanel/v3/web/api.panelConfig (10 handlers)
[GIN-debug] POST   /oauth2/token             --> github.com/SkyPanel/SkyPanel/v3/web/oauth2.handleTokenRequest (8 handlers)
[GIN-debug] OPTIONS /oauth2/token             --> github.com/SkyPanel/SkyPanel/v3/response.CreateOptions.func1 (5 handlers)
[GIN-debug] POST   /auth/login               --> github.com/SkyPanel/SkyPanel/v3/web/auth.LoginPost (7 handlers)
[GIN-debug] POST   /auth/logout              --> github.com/SkyPanel/SkyPanel/v3/web/auth.LogoutPost (7 handlers)
[GIN-debug] POST   /auth/otp                 --> github.com/SkyPanel/SkyPanel/v3/web/auth.OtpPost (7 handlers)
[GIN-debug] POST   /auth/register            --> github.com/SkyPanel/SkyPanel/v3/web/auth.RegisterPost (7 handlers)
[GIN-debug] POST   /auth/reauth              --> github.com/SkyPanel/SkyPanel/v3/web/auth.Reauth (8 handlers)
[GIN-debug] GET    /auth/publickey           --> github.com/SkyPanel/SkyPanel/v3/web/auth.TokenServiceGetPublicKey (6 handlers)
[GIN-debug] GET    /gatus                    --> github.com/SkyPanel/SkyPanel/v3/web.RegisterRoutes.func2 (5 handlers)
[GIN-debug] POST   /gatus                    --> github.com/SkyPanel/SkyPanel/v3/web.RegisterRoutes.func2 (5 handlers)
[GIN-debug] PUT    /gatus                    --> github.com/SkyPanel/SkyPanel/v3/web.RegisterRoutes.func2 (5 handlers)
[GIN-debug] PATCH  /gatus                    --> github.com/SkyPanel/SkyPanel/v3/web.RegisterRoutes.func2 (5 handlers)
[GIN-debug] HEAD   /gatus                    --> github.com/SkyPanel/SkyPanel/v3/web.RegisterRoutes.func2 (5 handlers)
[GIN-debug] OPTIONS /gatus                    --> github.com/SkyPanel/SkyPanel/v3/web.RegisterRoutes.func2 (5 handlers)
[GIN-debug] DELETE /gatus                    --> github.com/SkyPanel/SkyPanel/v3/web.RegisterRoutes.func2 (5 handlers)
[GIN-debug] CONNECT /gatus                    --> github.com/SkyPanel/SkyPanel/v3/web.RegisterRoutes.func2 (5 handlers)
[GIN-debug] TRACE  /gatus                    --> github.com/SkyPanel/SkyPanel/v3/web.RegisterRoutes.func2 (5 handlers)
[GIN-debug] GET    /gatus/*path              --> github.com/SkyPanel/SkyPanel/v3/web.RegisterRoutes.func2 (5 handlers)
[GIN-debug] POST   /gatus/*path              --> github.com/SkyPanel/SkyPanel/v3/web.RegisterRoutes.func2 (5 handlers)
[GIN-debug] PUT    /gatus/*path              --> github.com/SkyPanel/SkyPanel/v3/web.RegisterRoutes.func2 (5 handlers)
[GIN-debug] PATCH  /gatus/*path              --> github.com/SkyPanel/SkyPanel/v3/web.RegisterRoutes.func2 (5 handlers)
[GIN-debug] HEAD   /gatus/*path              --> github.com/SkyPanel/SkyPanel/v3/web.RegisterRoutes.func2 (5 handlers)
[GIN-debug] OPTIONS /gatus/*path              --> github.com/SkyPanel/SkyPanel/v3/web.RegisterRoutes.func2 (5 handlers)
[GIN-debug] DELETE /gatus/*path              --> github.com/SkyPanel/SkyPanel/v3/web.RegisterRoutes.func2 (5 handlers)
[GIN-debug] CONNECT /gatus/*path              --> github.com/SkyPanel/SkyPanel/v3/web.RegisterRoutes.func2 (5 handlers)
[GIN-debug] TRACE  /gatus/*path              --> github.com/SkyPanel/SkyPanel/v3/web.RegisterRoutes.func2 (5 handlers)
[GIN-debug] GET    /uptime                   --> github.com/SkyPanel/SkyPanel/v3/web.RegisterRoutes.func2 (5 handlers)
[GIN-debug] POST   /uptime                   --> github.com/SkyPanel/SkyPanel/v3/web.RegisterRoutes.func2 (5 handlers)
[GIN-debug] PUT    /uptime                   --> github.com/SkyPanel/SkyPanel/v3/web.RegisterRoutes.func2 (5 handlers)
[GIN-debug] PATCH  /uptime                   --> github.com/SkyPanel/SkyPanel/v3/web.RegisterRoutes.func2 (5 handlers)
[GIN-debug] HEAD   /uptime                   --> github.com/SkyPanel/SkyPanel/v3/web.RegisterRoutes.func2 (5 handlers)
[GIN-debug] OPTIONS /uptime                   --> github.com/SkyPanel/SkyPanel/v3/web.RegisterRoutes.func2 (5 handlers)
[GIN-debug] DELETE /uptime                   --> github.com/SkyPanel/SkyPanel/v3/web.RegisterRoutes.func2 (5 handlers)
[GIN-debug] CONNECT /uptime                   --> github.com/SkyPanel/SkyPanel/v3/web.RegisterRoutes.func2 (5 handlers)
[GIN-debug] TRACE  /uptime                   --> github.com/SkyPanel/SkyPanel/v3/web.RegisterRoutes.func2 (5 handlers)
[GIN-debug] GET    /uptime/*path             --> github.com/SkyPanel/SkyPanel/v3/web.RegisterRoutes.func2 (5 handlers)
[GIN-debug] POST   /uptime/*path             --> github.com/SkyPanel/SkyPanel/v3/web.RegisterRoutes.func2 (5 handlers)
[GIN-debug] PUT    /uptime/*path             --> github.com/SkyPanel/SkyPanel/v3/web.RegisterRoutes.func2 (5 handlers)
[GIN-debug] PATCH  /uptime/*path             --> github.com/SkyPanel/SkyPanel/v3/web.RegisterRoutes.func2 (5 handlers)
[GIN-debug] HEAD   /uptime/*path             --> github.com/SkyPanel/SkyPanel/v3/web.RegisterRoutes.func2 (5 handlers)
[GIN-debug] OPTIONS /uptime/*path             --> github.com/SkyPanel/SkyPanel/v3/web.RegisterRoutes.func2 (5 handlers)
[GIN-debug] DELETE /uptime/*path             --> github.com/SkyPanel/SkyPanel/v3/web.RegisterRoutes.func2 (5 handlers)
[GIN-debug] CONNECT /uptime/*path             --> github.com/SkyPanel/SkyPanel/v3/web.RegisterRoutes.func2 (5 handlers)
[GIN-debug] TRACE  /uptime/*path             --> github.com/SkyPanel/SkyPanel/v3/web.RegisterRoutes.func2 (5 handlers)
[GIN-debug] GET    /manifest.json            --> github.com/SkyPanel/SkyPanel/v3/web.RegisterRoutes.func4 (6 handlers)
[GIN-debug] GET    /favicon-16x16.png        --> github.com/SkyPanel/SkyPanel/v3/web.RegisterRoutes.func5 (6 handlers)
[GIN-debug] GET    /favicon-32x32.png        --> github.com/SkyPanel/SkyPanel/v3/web.RegisterRoutes.func6 (6 handlers)
[GIN-debug] GET    /apple-touch-icon.png     --> github.com/SkyPanel/SkyPanel/v3/web.RegisterRoutes.func7 (6 handlers)
[GIN-debug] GET    /logo-192x192.png         --> github.com/SkyPanel/SkyPanel/v3/web.RegisterRoutes.func8 (6 handlers)
[GIN-debug] GET    /logo-512x512.png         --> github.com/SkyPanel/SkyPanel/v3/web.RegisterRoutes.func9 (6 handlers)
[GIN-debug] GET    /favicon.png              --> github.com/SkyPanel/SkyPanel/v3/web.RegisterRoutes.(*RouterGroup).StaticFileFS.func12 (6 handlers)
[GIN-debug] HEAD   /favicon.png              --> github.com/SkyPanel/SkyPanel/v3/web.RegisterRoutes.(*RouterGroup).StaticFileFS.func12 (6 handlers)
[GIN-debug] GET    /favicon.ico              --> github.com/SkyPanel/SkyPanel/v3/web.RegisterRoutes.(*RouterGroup).StaticFileFS.func13 (6 handlers)
[GIN-debug] HEAD   /favicon.ico              --> github.com/SkyPanel/SkyPanel/v3/web.RegisterRoutes.(*RouterGroup).StaticFileFS.func13 (6 handlers)
[INFO] 2026/02/22 21:12:26 Listening for HTTP requests on [::]:8080
